../Core/Src/stm32f4xx_it.c:65:6:HAL_GPIO_EXTI_Callback	24	static
../Core/Src/stm32f4xx_it.c:90:6:adjust_CCR	16	static
../Core/Src/stm32f4xx_it.c:140:6:NMI_Handler	4	static
../Core/Src/stm32f4xx_it.c:154:6:HardFault_Handler	4	static
../Core/Src/stm32f4xx_it.c:169:6:MemManage_Handler	4	static
../Core/Src/stm32f4xx_it.c:184:6:BusFault_Handler	4	static
../Core/Src/stm32f4xx_it.c:199:6:UsageFault_Handler	4	static
../Core/Src/stm32f4xx_it.c:214:6:SVC_Handler	4	static
../Core/Src/stm32f4xx_it.c:227:6:DebugMon_Handler	4	static
../Core/Src/stm32f4xx_it.c:240:6:PendSV_Handler	4	static
../Core/Src/stm32f4xx_it.c:253:6:SysTick_Handler	8	static
../Core/Src/stm32f4xx_it.c:274:6:EXTI9_5_IRQHandler	8	static
../Core/Src/stm32f4xx_it.c:298:6:TIM4_IRQHandler	8	static
../Core/Src/stm32f4xx_it.c:312:6:EXTI15_10_IRQHandler	8	static
